Archive member included to satisfy reference by file (symbol)

/usr/lib/x86_64-linux-gnu/libc_nonshared.a(elf-init.oS)
                              /usr/lib/gcc/x86_64-linux-gnu/4.8/../../../x86_64-linux-gnu/crt1.o (__libc_csu_init)

As-needed library included to satisfy reference by file (symbol)

libm.so.6                     ../../source/lc_matInvGJE.o (fabs@@GLIBC_2.2.5)

Allocating common symbols
Common symbol       size              file

lc_errorCodes       0x4               ../../source/lc_locatorApp.o

Discarded input sections

 .note.GNU-stack
                0x0000000000000000        0x0 /usr/lib/gcc/x86_64-linux-gnu/4.8/../../../x86_64-linux-gnu/crt1.o
 .gnu_debuglink
                0x0000000000000000        0xc /usr/lib/gcc/x86_64-linux-gnu/4.8/../../../x86_64-linux-gnu/crt1.o
 .note.GNU-stack
                0x0000000000000000        0x0 /usr/lib/gcc/x86_64-linux-gnu/4.8/../../../x86_64-linux-gnu/crti.o
 .gnu_debuglink
                0x0000000000000000        0xc /usr/lib/gcc/x86_64-linux-gnu/4.8/../../../x86_64-linux-gnu/crti.o
 .note.GNU-stack
                0x0000000000000000        0x0 /usr/lib/gcc/x86_64-linux-gnu/4.8/crtbegin.o
 .note.GNU-stack
                0x0000000000000000        0x0 ../../source/lc_filter.o
 .note.GNU-stack
                0x0000000000000000        0x0 ../../source/lc_locatorApp.o
 .note.GNU-stack
                0x0000000000000000        0x0 ../../source/lc_matInvGJE.o
 .note.GNU-stack
                0x0000000000000000        0x0 ../../source/lc_parser.o
 .note.GNU-stack
                0x0000000000000000        0x0 ../../source/lc_position.o
 .note.GNU-stack
                0x0000000000000000        0x0 ../../source/lc_reports.o
 .note.GNU-stack
                0x0000000000000000        0x0 ../../source/lc_scenario.o
 .note.GNU-stack
                0x0000000000000000        0x0 ../../source/lc_signalMeas.o
 .note.GNU-stack
                0x0000000000000000        0x0 ../../source/lc_trace.o
 .note.GNU-stack
                0x0000000000000000        0x0 ../../source/lc_wls.o
 .note.GNU-stack
                0x0000000000000000        0x0 /usr/lib/x86_64-linux-gnu/libc_nonshared.a(elf-init.oS)
 .note.GNU-stack
                0x0000000000000000        0x0 /usr/lib/gcc/x86_64-linux-gnu/4.8/crtend.o
 .note.GNU-stack
                0x0000000000000000        0x0 /usr/lib/gcc/x86_64-linux-gnu/4.8/../../../x86_64-linux-gnu/crtn.o
 .gnu_debuglink
                0x0000000000000000        0xc /usr/lib/gcc/x86_64-linux-gnu/4.8/../../../x86_64-linux-gnu/crtn.o

Memory Configuration

Name             Origin             Length             Attributes
*default*        0x0000000000000000 0xffffffffffffffff

Linker script and memory map

LOAD /usr/lib/gcc/x86_64-linux-gnu/4.8/../../../x86_64-linux-gnu/crt1.o
LOAD /usr/lib/gcc/x86_64-linux-gnu/4.8/../../../x86_64-linux-gnu/crti.o
LOAD /usr/lib/gcc/x86_64-linux-gnu/4.8/crtbegin.o
LOAD ../../source/lc_filter.o
LOAD ../../source/lc_locatorApp.o
LOAD ../../source/lc_matInvGJE.o
LOAD ../../source/lc_parser.o
LOAD ../../source/lc_position.o
LOAD ../../source/lc_reports.o
LOAD ../../source/lc_scenario.o
LOAD ../../source/lc_signalMeas.o
LOAD ../../source/lc_trace.o
LOAD ../../source/lc_wls.o
LOAD /usr/lib/gcc/x86_64-linux-gnu/4.8/../../../x86_64-linux-gnu/libm.so
LOAD /usr/lib/gcc/x86_64-linux-gnu/4.8/libgcc.a
LOAD /usr/lib/gcc/x86_64-linux-gnu/4.8/libgcc_s.so
LOAD /usr/lib/gcc/x86_64-linux-gnu/4.8/../../../x86_64-linux-gnu/libc.so
START GROUP
LOAD /lib/x86_64-linux-gnu/libc.so.6
LOAD /usr/lib/x86_64-linux-gnu/libc_nonshared.a
LOAD /lib/x86_64-linux-gnu/ld-linux-x86-64.so.2
END GROUP
LOAD /usr/lib/gcc/x86_64-linux-gnu/4.8/libgcc.a
LOAD /usr/lib/gcc/x86_64-linux-gnu/4.8/libgcc_s.so
LOAD /usr/lib/gcc/x86_64-linux-gnu/4.8/crtend.o
LOAD /usr/lib/gcc/x86_64-linux-gnu/4.8/../../../x86_64-linux-gnu/crtn.o
                0x0000000000400000                PROVIDE (__executable_start, 0x400000)
                0x0000000000400238                . = (0x400000 + SIZEOF_HEADERS)

.interp         0x0000000000400238       0x1c
 *(.interp)
 .interp        0x0000000000400238       0x1c /usr/lib/gcc/x86_64-linux-gnu/4.8/../../../x86_64-linux-gnu/crt1.o

.note.ABI-tag   0x0000000000400254       0x20
 .note.ABI-tag  0x0000000000400254       0x20 /usr/lib/gcc/x86_64-linux-gnu/4.8/../../../x86_64-linux-gnu/crt1.o

.note.gnu.build-id
                0x0000000000400274       0x24
 *(.note.gnu.build-id)
 .note.gnu.build-id
                0x0000000000400274       0x24 /usr/lib/gcc/x86_64-linux-gnu/4.8/../../../x86_64-linux-gnu/crt1.o

.hash
 *(.hash)

.gnu.hash       0x0000000000400298       0x1c
 *(.gnu.hash)
 .gnu.hash      0x0000000000400298       0x1c /usr/lib/gcc/x86_64-linux-gnu/4.8/../../../x86_64-linux-gnu/crt1.o

.dynsym         0x00000000004002b8      0x258
 *(.dynsym)
 .dynsym        0x00000000004002b8      0x258 /usr/lib/gcc/x86_64-linux-gnu/4.8/../../../x86_64-linux-gnu/crt1.o

.dynstr         0x0000000000400510      0x139
 *(.dynstr)
 .dynstr        0x0000000000400510      0x139 /usr/lib/gcc/x86_64-linux-gnu/4.8/../../../x86_64-linux-gnu/crt1.o

.gnu.version    0x000000000040064a       0x32
 *(.gnu.version)
 .gnu.version   0x000000000040064a       0x32 /usr/lib/gcc/x86_64-linux-gnu/4.8/../../../x86_64-linux-gnu/crt1.o

.gnu.version_d  0x0000000000400680        0x0
 *(.gnu.version_d)
 .gnu.version_d
                0x0000000000000000        0x0 /usr/lib/gcc/x86_64-linux-gnu/4.8/../../../x86_64-linux-gnu/crt1.o

.gnu.version_r  0x0000000000400680       0x60
 *(.gnu.version_r)
 .gnu.version_r
                0x0000000000400680       0x60 /usr/lib/gcc/x86_64-linux-gnu/4.8/../../../x86_64-linux-gnu/crt1.o

.rela.dyn       0x00000000004006e0       0x18
 *(.rela.init)
 *(.rela.text .rela.text.* .rela.gnu.linkonce.t.*)
 .rela.text     0x0000000000000000        0x0 /usr/lib/gcc/x86_64-linux-gnu/4.8/../../../x86_64-linux-gnu/crt1.o
 *(.rela.fini)
 *(.rela.rodata .rela.rodata.* .rela.gnu.linkonce.r.*)
 *(.rela.data .rela.data.* .rela.gnu.linkonce.d.*)
 *(.rela.tdata .rela.tdata.* .rela.gnu.linkonce.td.*)
 *(.rela.tbss .rela.tbss.* .rela.gnu.linkonce.tb.*)
 *(.rela.ctors)
 *(.rela.dtors)
 *(.rela.got)
 .rela.got      0x00000000004006e0       0x18 /usr/lib/gcc/x86_64-linux-gnu/4.8/../../../x86_64-linux-gnu/crt1.o
 *(.rela.bss .rela.bss.* .rela.gnu.linkonce.b.*)
 .rela.bss      0x0000000000000000        0x0 /usr/lib/gcc/x86_64-linux-gnu/4.8/../../../x86_64-linux-gnu/crt1.o
 *(.rela.ldata .rela.ldata.* .rela.gnu.linkonce.l.*)
 *(.rela.lbss .rela.lbss.* .rela.gnu.linkonce.lb.*)
 *(.rela.lrodata .rela.lrodata.* .rela.gnu.linkonce.lr.*)
 *(.rela.ifunc)

.rela.plt       0x00000000004006f8      0x1f8
 *(.rela.plt)
 .rela.plt      0x00000000004006f8      0x1f8 /usr/lib/gcc/x86_64-linux-gnu/4.8/../../../x86_64-linux-gnu/crt1.o
                0x00000000004008f0                PROVIDE (__rela_iplt_start, .)
 *(.rela.iplt)
 .rela.iplt     0x0000000000000000        0x0 /usr/lib/gcc/x86_64-linux-gnu/4.8/../../../x86_64-linux-gnu/crt1.o
                0x00000000004008f0                PROVIDE (__rela_iplt_end, .)

.init           0x00000000004008f0       0x1a
 *(SORT(.init))
 .init          0x00000000004008f0       0x15 /usr/lib/gcc/x86_64-linux-gnu/4.8/../../../x86_64-linux-gnu/crti.o
                0x00000000004008f0                _init
 .init          0x0000000000400905        0x5 /usr/lib/gcc/x86_64-linux-gnu/4.8/../../../x86_64-linux-gnu/crtn.o

.plt            0x0000000000400910      0x160
 *(.plt)
 .plt           0x0000000000400910      0x160 /usr/lib/gcc/x86_64-linux-gnu/4.8/../../../x86_64-linux-gnu/crt1.o
                0x0000000000400920                free@@GLIBC_2.2.5
                0x0000000000400930                strcpy@@GLIBC_2.2.5
                0x0000000000400940                abs@@GLIBC_2.2.5
                0x0000000000400950                strtod@@GLIBC_2.2.5
                0x0000000000400960                fclose@@GLIBC_2.2.5
                0x0000000000400970                strlen@@GLIBC_2.2.5
                0x0000000000400980                __stack_chk_fail@@GLIBC_2.4
                0x0000000000400990                pow@@GLIBC_2.2.5
                0x00000000004009a0                __libc_start_main@@GLIBC_2.2.5
                0x00000000004009b0                fgets@@GLIBC_2.2.5
                0x00000000004009d0                malloc@@GLIBC_2.2.5
                0x00000000004009e0                __printf_chk@@GLIBC_2.3.4
                0x00000000004009f0                fopen@@GLIBC_2.2.5
                0x0000000000400a00                strtok@@GLIBC_2.2.5
                0x0000000000400a10                fabs@@GLIBC_2.2.5
                0x0000000000400a20                exit@@GLIBC_2.2.5
                0x0000000000400a30                __fprintf_chk@@GLIBC_2.3.4
                0x0000000000400a40                sqrt@@GLIBC_2.2.5
                0x0000000000400a50                __vsprintf_chk@@GLIBC_2.3.4
                0x0000000000400a60                __sprintf_chk@@GLIBC_2.3.4
 *(.iplt)
 .iplt          0x0000000000000000        0x0 /usr/lib/gcc/x86_64-linux-gnu/4.8/../../../x86_64-linux-gnu/crt1.o

.text           0x0000000000400a70     0x29c2
 *(.text.unlikely .text.*_unlikely .text.unlikely.*)
 *(.text.exit .text.exit.*)
 *(.text.startup .text.startup.*)
 .text.startup  0x0000000000400a70      0x119 ../../source/lc_locatorApp.o
                0x0000000000400a70                main
 *(.text.hot .text.hot.*)
 *(.text .stub .text.* .gnu.linkonce.t.*)
 .text          0x0000000000400b89       0x2a /usr/lib/gcc/x86_64-linux-gnu/4.8/../../../x86_64-linux-gnu/crt1.o
                0x0000000000400b89                _start
 .text          0x0000000000400bb3        0x0 /usr/lib/gcc/x86_64-linux-gnu/4.8/../../../x86_64-linux-gnu/crti.o
 *fill*         0x0000000000400bb3        0xd 
 .text          0x0000000000400bc0       0xbd /usr/lib/gcc/x86_64-linux-gnu/4.8/crtbegin.o
 *fill*         0x0000000000400c7d        0x3 
 .text          0x0000000000400c80      0x15d ../../source/lc_filter.o
                0x0000000000400c80                lc_fixFilterUpdate
 *fill*         0x0000000000400ddd        0x3 
 .text          0x0000000000400de0       0x4b ../../source/lc_locatorApp.o
                0x0000000000400de0                checkForErrors
 *fill*         0x0000000000400e2b        0x5 
 .text          0x0000000000400e30      0x8da ../../source/lc_matInvGJE.o
                0x0000000000400e30                lc_matInvGJE
 *fill*         0x000000000040170a        0x6 
 .text          0x0000000000401710      0x119 ../../source/lc_parser.o
                0x0000000000401710                lc_fillInputToa
 *fill*         0x0000000000401829        0x7 
 .text          0x0000000000401830      0x452 ../../source/lc_position.o
                0x0000000000401830                lc_calcPosition
 *fill*         0x0000000000401c82        0xe 
 .text          0x0000000000401c90      0x6f4 ../../source/lc_reports.o
                0x0000000000401c90                lc_frct2String
                0x0000000000401ce0                lc_int2String
                0x0000000000401d90                lc_flt2String
                0x0000000000402050                lc_reportPrange
                0x00000000004021b0                lc_reportWLSFix
                0x00000000004022a0                lc_reportFilterFix
 *fill*         0x0000000000402384        0xc 
 .text          0x0000000000402390      0x445 ../../source/lc_scenario.o
                0x0000000000402390                lc_initScenario
                0x0000000000402610                lc_addStations
                0x00000000004026d0                lc_processScenario
                0x0000000000402730                lc_getLastError
                0x0000000000402740                lc_getLastErrorVerbose
                0x0000000000402760                lc_exitScenario
                0x00000000004027c0                lc_getScenarioStat
 *fill*         0x00000000004027d5        0xb 
 .text          0x00000000004027e0      0x1e4 ../../source/lc_signalMeas.o
                0x00000000004027e0                lc_genPseudoRange
 *fill*         0x00000000004029c4        0xc 
 .text          0x00000000004029d0      0x108 ../../source/lc_trace.o
                0x00000000004029d0                lc_trace
 *fill*         0x0000000000402ad8        0x8 
 .text          0x0000000000402ae0      0x8d8 ../../source/lc_wls.o
                0x0000000000402ae0                lc_genH
                0x0000000000402bb0                lc_calcHtWH
                0x0000000000402c50                lc_matrixMulAB
                0x0000000000402d20                lc_matrixMulAtB
                0x0000000000402df0                lc_matrixMulABt
                0x0000000000402ec0                lc_matrixMulADiagB
                0x0000000000402fd0                lc_calcPos
                0x0000000000403050                lc_wls
                0x0000000000403340                lc_findHDOP
 *fill*         0x00000000004033b8        0x8 
 .text          0x00000000004033c0       0x72 /usr/lib/x86_64-linux-gnu/libc_nonshared.a(elf-init.oS)
                0x00000000004033c0                __libc_csu_init
                0x0000000000403430                __libc_csu_fini
 .text          0x0000000000403432        0x0 /usr/lib/gcc/x86_64-linux-gnu/4.8/crtend.o
 .text          0x0000000000403432        0x0 /usr/lib/gcc/x86_64-linux-gnu/4.8/../../../x86_64-linux-gnu/crtn.o
 *(.gnu.warning)

.fini           0x0000000000403434        0x9
 *(SORT(.fini))
 .fini          0x0000000000403434        0x4 /usr/lib/gcc/x86_64-linux-gnu/4.8/../../../x86_64-linux-gnu/crti.o
                0x0000000000403434                _fini
 .fini          0x0000000000403438        0x5 /usr/lib/gcc/x86_64-linux-gnu/4.8/../../../x86_64-linux-gnu/crtn.o
                0x000000000040343d                PROVIDE (__etext, .)
                0x000000000040343d                PROVIDE (_etext, .)
                0x000000000040343d                PROVIDE (etext, .)

.rodata         0x0000000000403440      0x3a4
 *(.rodata .rodata.* .gnu.linkonce.r.*)
 .rodata.cst4   0x0000000000403440        0x4 /usr/lib/gcc/x86_64-linux-gnu/4.8/../../../x86_64-linux-gnu/crt1.o
                0x0000000000403440                _IO_stdin_used
 *fill*         0x0000000000403444        0x4 
 .rodata.cst8   0x0000000000403448       0x68 ../../source/lc_filter.o
 .rodata.str1.8
                0x00000000004034b0       0xa8 ../../source/lc_locatorApp.o
 .rodata.cst4   0x0000000000403558        0x4 ../../source/lc_locatorApp.o
 *fill*         0x000000000040355c        0x4 
 .rodata.cst8   0x0000000000403560       0x18 ../../source/lc_matInvGJE.o
 *fill*         0x0000000000403578        0x8 
 .rodata.cst16  0x0000000000403580       0xf0 ../../source/lc_matInvGJE.o
 .rodata.str1.1
                0x0000000000403670        0x2 ../../source/lc_parser.o
 *fill*         0x0000000000403672        0x6 
 .rodata.cst8   0x0000000000403678        0x8 ../../source/lc_parser.o
                                         0x10 (size before relaxing)
 .rodata.cst16  0x0000000000403680       0x10 ../../source/lc_position.o
 .rodata.cst8   0x0000000000403690        0x8 ../../source/lc_position.o
                                         0x10 (size before relaxing)
 .rodata.str1.1
                0x0000000000403698        0xa ../../source/lc_reports.o
 .rodata.cst8   0x0000000000000000        0x8 ../../source/lc_reports.o
 *fill*         0x00000000004036a2        0xe 
 .rodata.cst16  0x00000000004036b0       0x20 ../../source/lc_reports.o
 .rodata.str1.1
                0x00000000004036d0       0xa6 ../../source/lc_scenario.o
                                         0xa8 (size before relaxing)
 *fill*         0x0000000000403776        0x2 
 .rodata.str1.8
                0x0000000000403778       0x58 ../../source/lc_scenario.o
                                         0x54 (size before relaxing)
 .rodata.cst8   0x00000000004037d0        0x8 ../../source/lc_scenario.o
                                         0x18 (size before relaxing)
 .rodata.cst8   0x00000000004037d8        0x8 ../../source/lc_signalMeas.o
                                         0x18 (size before relaxing)
 .rodata.str1.1
                0x00000000004037e0        0x4 ../../source/lc_trace.o
 .rodata.cst8   0x0000000000000000        0x8 ../../source/lc_wls.o

.rodata1
 *(.rodata1)

.eh_frame_hdr   0x00000000004037e4      0x11c
 *(.eh_frame_hdr)
 .eh_frame_hdr  0x00000000004037e4      0x11c /usr/lib/gcc/x86_64-linux-gnu/4.8/../../../x86_64-linux-gnu/crt1.o

.eh_frame       0x0000000000403900      0x734
 *(.eh_frame)
 .eh_frame      0x0000000000403900       0x30 /usr/lib/gcc/x86_64-linux-gnu/4.8/../../../x86_64-linux-gnu/crt1.o
 .eh_frame      0x0000000000403930       0x40 /usr/lib/gcc/x86_64-linux-gnu/4.8/../../../x86_64-linux-gnu/crt1.o
 .eh_frame      0x0000000000403970       0x18 ../../source/lc_filter.o
                                         0x30 (size before relaxing)
 .eh_frame      0x0000000000403988       0x78 ../../source/lc_locatorApp.o
                                         0x88 (size before relaxing)
 .eh_frame      0x0000000000403a00       0x50 ../../source/lc_matInvGJE.o
                                         0x68 (size before relaxing)
 .eh_frame      0x0000000000403a50       0x40 ../../source/lc_parser.o
                                         0x58 (size before relaxing)
 .eh_frame      0x0000000000403a90       0x48 ../../source/lc_position.o
                                         0x60 (size before relaxing)
 .eh_frame      0x0000000000403ad8      0x140 ../../source/lc_reports.o
                                        0x148 (size before relaxing)
 .eh_frame      0x0000000000403c18      0x108 ../../source/lc_scenario.o
 .eh_frame      0x0000000000403d20       0x18 ../../source/lc_signalMeas.o
                                         0x30 (size before relaxing)
 .eh_frame      0x0000000000403d38       0x30 ../../source/lc_trace.o
                                         0x48 (size before relaxing)
 .eh_frame      0x0000000000403d68      0x268 ../../source/lc_wls.o
 .eh_frame      0x0000000000403fd0       0x60 /usr/lib/x86_64-linux-gnu/libc_nonshared.a(elf-init.oS)
                                         0x78 (size before relaxing)
 .eh_frame      0x0000000000404030        0x4 /usr/lib/gcc/x86_64-linux-gnu/4.8/crtend.o

.gcc_except_table
 *(.gcc_except_table .gcc_except_table.*)

.exception_ranges
 *(.exception_ranges .exception_ranges*)
                0x0000000000404034                . = (ALIGN (0x200000) - ((0x200000 - .) & 0x1fffff))
                0x0000000000604dfc                . = DATA_SEGMENT_ALIGN (0x200000, 0x1000)

.eh_frame
 *(.eh_frame)

.gcc_except_table
 *(.gcc_except_table .gcc_except_table.*)

.exception_ranges
 *(.exception_ranges .exception_ranges*)

.tdata
 *(.tdata .tdata.* .gnu.linkonce.td.*)

.tbss
 *(.tbss .tbss.* .gnu.linkonce.tb.*)
 *(.tcommon)

.preinit_array  0x0000000000604dfc        0x0
                0x0000000000604dfc                PROVIDE (__preinit_array_start, .)
 *(.preinit_array)
                0x0000000000604dfc                PROVIDE (__preinit_array_end, .)

.init_array     0x0000000000604e00        0x8
                0x0000000000604e00                PROVIDE (__init_array_start, .)
 *(SORT(.init_array.*) SORT(.ctors.*))
 *(.init_array EXCLUDE_FILE(*crtend?.o *crtend.o *crtbegin?.o *crtbegin.o) .ctors)
 .init_array    0x0000000000604e00        0x8 /usr/lib/gcc/x86_64-linux-gnu/4.8/crtbegin.o
                0x0000000000604e08                PROVIDE (__init_array_end, .)

.fini_array     0x0000000000604e08        0x8
                0x0000000000604e08                PROVIDE (__fini_array_start, .)
 *(SORT(.fini_array.*) SORT(.dtors.*))
 *(.fini_array EXCLUDE_FILE(*crtend?.o *crtend.o *crtbegin?.o *crtbegin.o) .dtors)
 .fini_array    0x0000000000604e08        0x8 /usr/lib/gcc/x86_64-linux-gnu/4.8/crtbegin.o
                0x0000000000604e10                PROVIDE (__fini_array_end, .)

.ctors
 *crtbegin.o(.ctors)
 *crtbegin?.o(.ctors)
 *(EXCLUDE_FILE(*crtend?.o *crtend.o) .ctors)
 *(SORT(.ctors.*))
 *(.ctors)

.dtors
 *crtbegin.o(.dtors)
 *crtbegin?.o(.dtors)
 *(EXCLUDE_FILE(*crtend?.o *crtend.o) .dtors)
 *(SORT(.dtors.*))
 *(.dtors)

.jcr            0x0000000000604e10        0x8
 *(.jcr)
 .jcr           0x0000000000604e10        0x0 /usr/lib/gcc/x86_64-linux-gnu/4.8/crtbegin.o
 .jcr           0x0000000000604e10        0x8 /usr/lib/gcc/x86_64-linux-gnu/4.8/crtend.o

.data.rel.ro
 *(.data.rel.ro.local* .gnu.linkonce.d.rel.ro.local.*)
 *(.data.rel.ro .data.rel.ro.* .gnu.linkonce.d.rel.ro.*)

.dynamic        0x0000000000604e18      0x1e0
 *(.dynamic)
 .dynamic       0x0000000000604e18      0x1e0 /usr/lib/gcc/x86_64-linux-gnu/4.8/../../../x86_64-linux-gnu/crt1.o
                0x0000000000604e18                _DYNAMIC

.got            0x0000000000604ff8        0x8
 *(.got)
 .got           0x0000000000604ff8        0x8 /usr/lib/gcc/x86_64-linux-gnu/4.8/../../../x86_64-linux-gnu/crt1.o
 *(.igot)
                0x0000000000605fe8                . = DATA_SEGMENT_RELRO_END (., (SIZEOF (.got.plt) >= 0x18)?0x18:0x0)

.got.plt        0x0000000000605000       0xc0
 *(.got.plt)
 .got.plt       0x0000000000605000       0xc0 /usr/lib/gcc/x86_64-linux-gnu/4.8/../../../x86_64-linux-gnu/crt1.o
                0x0000000000605000                _GLOBAL_OFFSET_TABLE_
 *(.igot.plt)
 .igot.plt      0x0000000000000000        0x0 /usr/lib/gcc/x86_64-linux-gnu/4.8/../../../x86_64-linux-gnu/crt1.o

.data           0x00000000006050c0       0xb8
 *(.data .data.* .gnu.linkonce.d.*)
 .data          0x00000000006050c0        0x4 /usr/lib/gcc/x86_64-linux-gnu/4.8/../../../x86_64-linux-gnu/crt1.o
                0x00000000006050c0                data_start
                0x00000000006050c0                __data_start
 .data          0x00000000006050c4        0x0 /usr/lib/gcc/x86_64-linux-gnu/4.8/../../../x86_64-linux-gnu/crti.o
 *fill*         0x00000000006050c4        0x4 
 .data          0x00000000006050c8        0x8 /usr/lib/gcc/x86_64-linux-gnu/4.8/crtbegin.o
                0x00000000006050c8                __dso_handle
 .data          0x00000000006050d0        0x0 ../../source/lc_filter.o
 *fill*         0x00000000006050d0       0x10 
 .data          0x00000000006050e0       0x40 ../../source/lc_locatorApp.o
                0x00000000006050e0                d_TxLocStore
 .data          0x0000000000605120        0x0 ../../source/lc_matInvGJE.o
 .data          0x0000000000605120        0x0 ../../source/lc_parser.o
 .data          0x0000000000605120        0x0 ../../source/lc_position.o
 .data          0x0000000000605120        0x0 ../../source/lc_reports.o
 .data          0x0000000000605120        0x0 ../../source/lc_scenario.o
 .data.rel.local
                0x0000000000605120       0x58 ../../source/lc_scenario.o
                0x0000000000605120                z_errors
                0x0000000000605170                s_suffix
 .data          0x0000000000605178        0x0 ../../source/lc_signalMeas.o
 .data          0x0000000000605178        0x0 ../../source/lc_trace.o
 .data          0x0000000000605178        0x0 ../../source/lc_wls.o
 .data          0x0000000000605178        0x0 /usr/lib/x86_64-linux-gnu/libc_nonshared.a(elf-init.oS)
 .data          0x0000000000605178        0x0 /usr/lib/gcc/x86_64-linux-gnu/4.8/crtend.o
 .data          0x0000000000605178        0x0 /usr/lib/gcc/x86_64-linux-gnu/4.8/../../../x86_64-linux-gnu/crtn.o

.tm_clone_table
                0x0000000000605178        0x0
 .tm_clone_table
                0x0000000000605178        0x0 /usr/lib/gcc/x86_64-linux-gnu/4.8/crtbegin.o
 .tm_clone_table
                0x0000000000605178        0x0 /usr/lib/gcc/x86_64-linux-gnu/4.8/crtend.o

.data1
 *(.data1)
                0x0000000000605178                _edata = .
                0x0000000000605178                PROVIDE (edata, .)
                0x0000000000605178                . = .
                0x0000000000605178                __bss_start = .

.bss            0x0000000000605178        0x8
 *(.dynbss)
 .dynbss        0x0000000000000000        0x0 /usr/lib/gcc/x86_64-linux-gnu/4.8/../../../x86_64-linux-gnu/crt1.o
 *(.bss .bss.* .gnu.linkonce.b.*)
 .bss           0x0000000000605178        0x0 /usr/lib/gcc/x86_64-linux-gnu/4.8/../../../x86_64-linux-gnu/crt1.o
 .bss           0x0000000000605178        0x0 /usr/lib/gcc/x86_64-linux-gnu/4.8/../../../x86_64-linux-gnu/crti.o
 .bss           0x0000000000605178        0x1 /usr/lib/gcc/x86_64-linux-gnu/4.8/crtbegin.o
 .bss           0x0000000000605179        0x0 ../../source/lc_filter.o
 .bss           0x0000000000605179        0x0 ../../source/lc_locatorApp.o
 .bss           0x0000000000605179        0x0 ../../source/lc_matInvGJE.o
 .bss           0x0000000000605179        0x0 ../../source/lc_parser.o
 .bss           0x0000000000605179        0x0 ../../source/lc_position.o
 .bss           0x0000000000605179        0x0 ../../source/lc_reports.o
 .bss           0x0000000000605179        0x0 ../../source/lc_scenario.o
 .bss           0x0000000000605179        0x0 ../../source/lc_signalMeas.o
 .bss           0x0000000000605179        0x0 ../../source/lc_trace.o
 .bss           0x0000000000605179        0x0 ../../source/lc_wls.o
 .bss           0x0000000000605179        0x0 /usr/lib/x86_64-linux-gnu/libc_nonshared.a(elf-init.oS)
 .bss           0x0000000000605179        0x0 /usr/lib/gcc/x86_64-linux-gnu/4.8/crtend.o
 .bss           0x0000000000605179        0x0 /usr/lib/gcc/x86_64-linux-gnu/4.8/../../../x86_64-linux-gnu/crtn.o
 *(COMMON)
 *fill*         0x0000000000605179        0x3 
 COMMON         0x000000000060517c        0x4 ../../source/lc_locatorApp.o
                0x000000000060517c                lc_errorCodes
                0x0000000000605180                . = ALIGN ((. != 0x0)?0x8:0x1)

.lbss
 *(.dynlbss)
 *(.lbss .lbss.* .gnu.linkonce.lb.*)
 *(LARGE_COMMON)
                0x0000000000605180                . = ALIGN (0x8)
                0x0000000000605180                . = SEGMENT_START ("ldata-segment", .)

.lrodata
 *(.lrodata .lrodata.* .gnu.linkonce.lr.*)

.ldata          0x0000000000a05180        0x0
 *(.ldata .ldata.* .gnu.linkonce.l.*)
                0x0000000000a05180                . = ALIGN ((. != 0x0)?0x8:0x1)
                0x0000000000a05180                . = ALIGN (0x8)
                0x0000000000a05180                _end = .
                0x0000000000a05180                PROVIDE (end, .)
                0x0000000000a05180                . = DATA_SEGMENT_END (.)

.stab
 *(.stab)

.stabstr
 *(.stabstr)

.stab.excl
 *(.stab.excl)

.stab.exclstr
 *(.stab.exclstr)

.stab.index
 *(.stab.index)

.stab.indexstr
 *(.stab.indexstr)

.comment        0x0000000000000000       0x56
 *(.comment)
 .comment       0x0000000000000000       0x2b /usr/lib/gcc/x86_64-linux-gnu/4.8/crtbegin.o
                                         0x2c (size before relaxing)
 .comment       0x0000000000000000       0x2c ../../source/lc_filter.o
 .comment       0x0000000000000000       0x2c ../../source/lc_locatorApp.o
 .comment       0x0000000000000000       0x2c ../../source/lc_matInvGJE.o
 .comment       0x0000000000000000       0x2c ../../source/lc_parser.o
 .comment       0x0000000000000000       0x2c ../../source/lc_position.o
 .comment       0x0000000000000000       0x2c ../../source/lc_reports.o
 .comment       0x0000000000000000       0x2c ../../source/lc_scenario.o
 .comment       0x0000000000000000       0x2c ../../source/lc_signalMeas.o
 .comment       0x0000000000000000       0x2c ../../source/lc_trace.o
 .comment       0x0000000000000000       0x2c ../../source/lc_wls.o
 .comment       0x000000000000002b       0x2b /usr/lib/x86_64-linux-gnu/libc_nonshared.a(elf-init.oS)
                                         0x2c (size before relaxing)
 .comment       0x0000000000000000       0x2c /usr/lib/gcc/x86_64-linux-gnu/4.8/crtend.o

.debug
 *(.debug)

.line
 *(.line)

.debug_srcinfo
 *(.debug_srcinfo)

.debug_sfnames
 *(.debug_sfnames)

.debug_aranges  0x0000000000000000      0x1f0
 *(.debug_aranges)
 .debug_aranges
                0x0000000000000000       0x30 ../../source/lc_filter.o
 .debug_aranges
                0x0000000000000030       0x40 ../../source/lc_locatorApp.o
 .debug_aranges
                0x0000000000000070       0x30 ../../source/lc_matInvGJE.o
 .debug_aranges
                0x00000000000000a0       0x30 ../../source/lc_parser.o
 .debug_aranges
                0x00000000000000d0       0x30 ../../source/lc_position.o
 .debug_aranges
                0x0000000000000100       0x30 ../../source/lc_reports.o
 .debug_aranges
                0x0000000000000130       0x30 ../../source/lc_scenario.o
 .debug_aranges
                0x0000000000000160       0x30 ../../source/lc_signalMeas.o
 .debug_aranges
                0x0000000000000190       0x30 ../../source/lc_trace.o
 .debug_aranges
                0x00000000000001c0       0x30 ../../source/lc_wls.o

.debug_pubnames
 *(.debug_pubnames)

.debug_info     0x0000000000000000     0x4df8
 *(.debug_info .gnu.linkonce.wi.*)
 .debug_info    0x0000000000000000      0x4ea ../../source/lc_filter.o
 .debug_info    0x00000000000004ea      0x79a ../../source/lc_locatorApp.o
 .debug_info    0x0000000000000c84      0x217 ../../source/lc_matInvGJE.o
 .debug_info    0x0000000000000e9b      0x72f ../../source/lc_parser.o
 .debug_info    0x00000000000015ca      0x672 ../../source/lc_position.o
 .debug_info    0x0000000000001c3c      0xefd ../../source/lc_reports.o
 .debug_info    0x0000000000002b39      0xaa0 ../../source/lc_scenario.o
 .debug_info    0x00000000000035d9      0x531 ../../source/lc_signalMeas.o
 .debug_info    0x0000000000003b0a      0x6da ../../source/lc_trace.o
 .debug_info    0x00000000000041e4      0xc14 ../../source/lc_wls.o

.debug_abbrev   0x0000000000000000     0x12ad
 *(.debug_abbrev)
 .debug_abbrev  0x0000000000000000      0x11f ../../source/lc_filter.o
 .debug_abbrev  0x000000000000011f      0x24b ../../source/lc_locatorApp.o
 .debug_abbrev  0x000000000000036a      0x106 ../../source/lc_matInvGJE.o
 .debug_abbrev  0x0000000000000470      0x277 ../../source/lc_parser.o
 .debug_abbrev  0x00000000000006e7      0x19d ../../source/lc_position.o
 .debug_abbrev  0x0000000000000884      0x287 ../../source/lc_reports.o
 .debug_abbrev  0x0000000000000b0b      0x28a ../../source/lc_scenario.o
 .debug_abbrev  0x0000000000000d95      0x139 ../../source/lc_signalMeas.o
 .debug_abbrev  0x0000000000000ece      0x1e1 ../../source/lc_trace.o
 .debug_abbrev  0x00000000000010af      0x1fe ../../source/lc_wls.o

.debug_line     0x0000000000000000     0x13f4
 *(.debug_line .debug_line.* .debug_line_end)
 .debug_line    0x0000000000000000      0x143 ../../source/lc_filter.o
 .debug_line    0x0000000000000143      0x176 ../../source/lc_locatorApp.o
 .debug_line    0x00000000000002b9      0x1af ../../source/lc_matInvGJE.o
 .debug_line    0x0000000000000468      0x1c1 ../../source/lc_parser.o
 .debug_line    0x0000000000000629      0x1eb ../../source/lc_position.o
 .debug_line    0x0000000000000814      0x3ea ../../source/lc_reports.o
 .debug_line    0x0000000000000bfe      0x268 ../../source/lc_scenario.o
 .debug_line    0x0000000000000e66      0x166 ../../source/lc_signalMeas.o
 .debug_line    0x0000000000000fcc      0x163 ../../source/lc_trace.o
 .debug_line    0x000000000000112f      0x2c5 ../../source/lc_wls.o

.debug_frame
 *(.debug_frame)

.debug_str      0x0000000000000000      0xb62
 *(.debug_str)
 .debug_str     0x0000000000000000      0x3fc ../../source/lc_filter.o
                                        0x44d (size before relaxing)
 .debug_str     0x00000000000003fc      0x1bd ../../source/lc_locatorApp.o
                                        0x4c7 (size before relaxing)
 .debug_str     0x00000000000005b9       0xae ../../source/lc_matInvGJE.o
                                        0x1e4 (size before relaxing)
 .debug_str     0x0000000000000667       0x86 ../../source/lc_parser.o
                                        0x562 (size before relaxing)
 .debug_str     0x00000000000006ed       0x9c ../../source/lc_position.o
                                        0x4c1 (size before relaxing)
 .debug_str     0x0000000000000789       0xee ../../source/lc_reports.o
                                        0x574 (size before relaxing)
 .debug_str     0x0000000000000877       0x91 ../../source/lc_scenario.o
                                        0x65f (size before relaxing)
 .debug_str     0x0000000000000908       0x1d ../../source/lc_signalMeas.o
                                        0x4fa (size before relaxing)
 .debug_str     0x0000000000000925       0xbe ../../source/lc_trace.o
                                        0x515 (size before relaxing)
 .debug_str     0x00000000000009e3      0x17f ../../source/lc_wls.o
                                        0x46d (size before relaxing)

.debug_loc      0x0000000000000000     0x4082
 *(.debug_loc)
 .debug_loc     0x0000000000000000       0xce ../../source/lc_filter.o
 .debug_loc     0x00000000000000ce      0x2b5 ../../source/lc_locatorApp.o
 .debug_loc     0x0000000000000383      0x8fd ../../source/lc_matInvGJE.o
 .debug_loc     0x0000000000000c80      0x269 ../../source/lc_parser.o
 .debug_loc     0x0000000000000ee9      0x309 ../../source/lc_position.o
 .debug_loc     0x00000000000011f2     0x1270 ../../source/lc_reports.o
 .debug_loc     0x0000000000002462      0x623 ../../source/lc_scenario.o
 .debug_loc     0x0000000000002a85      0x196 ../../source/lc_signalMeas.o
 .debug_loc     0x0000000000002c1b      0x18d ../../source/lc_trace.o
 .debug_loc     0x0000000000002da8     0x12da ../../source/lc_wls.o

.debug_macinfo
 *(.debug_macinfo)

.debug_weaknames
 *(.debug_weaknames)

.debug_funcnames
 *(.debug_funcnames)

.debug_typenames
 *(.debug_typenames)

.debug_varnames
 *(.debug_varnames)

.debug_pubtypes
 *(.debug_pubtypes)

.debug_ranges   0x0000000000000000      0x590
 *(.debug_ranges)
 .debug_ranges  0x0000000000000000       0xc0 ../../source/lc_locatorApp.o
 .debug_ranges  0x00000000000000c0       0x70 ../../source/lc_parser.o
 .debug_ranges  0x0000000000000130       0x60 ../../source/lc_position.o
 .debug_ranges  0x0000000000000190      0x340 ../../source/lc_reports.o
 .debug_ranges  0x00000000000004d0       0x70 ../../source/lc_scenario.o
 .debug_ranges  0x0000000000000540       0x50 ../../source/lc_trace.o

.debug_macro
 *(.debug_macro)

.gnu.attributes
 *(.gnu.attributes)

/DISCARD/
 *(.note.GNU-stack)
 *(.gnu_debuglink)
 *(.gnu.lto_*)
OUTPUT(locator_linux.exe elf64-x86-64)
